08-12 06:02  instagram ok    clip00                              posted
08-12 06:02  instagram wait  clip01                              instagram spacing: posted 0 min ago, minimum is 25 min - ba…
08-12 06:02  instagram ok    clip00                              posted
08-12 06:02  instagram wait  clip01                              instagram spacing: posted 0 min ago, minimum is 25 min - ba…
08-12 06:02  instagram ok    clip01                              posted from the queue
08-12 06:02  instagram ok    clip00                              posted
08-12 06:02  instagram wait  clip01                              instagram spacing: posted 0 min ago, minimum is 25 min - ba…
08-12 06:02  instagram wait  clip02                              instagram spacing: posted 0 min ago, minimum is 25 min - ba…
08-12 06:02  instagram ok    clip01                              posted from the queue
08-12 06:02  instagram skip  clip00                              instagram is disabled in config
08-12 06:02  instagram skip  clip00                              KILL SWITCH: kill switch file present: /tmp/pytest-of-root/…
08-12 06:02  instagram ok    clip00                              posted
08-12 06:02  instagram wait  clip01                              instagram spacing: posted 0 min ago, minimum is 25 min - ba…
08-12 06:02  instagram FAIL  clip01                              the clip file is gone
08-12 06:02  instagram ok    clip00                              posted
08-12 06:02  instagram wait  clip01                              instagram spacing: posted 0 min ago, minimum is 25 min - ba…
08-12 06:02  instagram skip  clip01                              over a day old - not worth posting now
08-12 06:02  instagram ok    clip00                              posted
08-12 06:02  instagram ok    clip00                              posted
08-12 06:02  facebook ok    clip00                              posted
08-12 06:06  instagram ok    clip00                              posted
08-12 06:06  instagram wait  clip01                              instagram spacing: posted 0 min ago, minimum is 25 min - ba…
08-12 06:06  instagram ok    clip00                              posted
08-12 06:06  instagram wait  clip01                              instagram spacing: posted 0 min ago, minimum is 25 min - ba…
08-12 06:06  instagram ok    clip01                              posted from the queue
08-12 06:06  instagram ok    clip00                              posted
08-12 06:06  instagram wait  clip01                              instagram spacing: posted 0 min ago, minimum is 25 min - ba…
08-12 06:06  instagram wait  clip02                              instagram spacing: posted 0 min ago, minimum is 25 min - ba…
08-12 06:06  instagram ok    clip01                              posted from the queue
08-12 06:06  instagram skip  clip00                              instagram is disabled in config
08-12 06:06  instagram skip  clip00                              KILL SWITCH: kill switch file present: /tmp/pytest-of-root/…
08-12 06:06  instagram ok    clip00                              posted
08-12 06:06  instagram wait  clip01                              instagram spacing: posted 0 min ago, minimum is 25 min - ba…
08-12 06:06  instagram FAIL  clip01                              the clip file is gone
08-12 06:06  instagram ok    clip00                              posted
08-12 06:06  instagram wait  clip01                              instagram spacing: posted 0 min ago, minimum is 25 min - ba…
08-12 06:06  instagram skip  clip01                              over a day old - not worth posting now
08-12 06:06  instagram ok    clip00                              posted
08-12 06:06  instagram ok    clip00                              posted
08-12 06:06  facebook ok    clip00                              posted
08-12 06:08  instagram ok    clip00                              posted
08-12 06:08  instagram wait  clip01                              instagram spacing: posted 0 min ago, minimum is 25 min - ba…
08-12 06:08  instagram ok    clip00                              posted
08-12 06:08  instagram wait  clip01                              instagram spacing: posted 0 min ago, minimum is 25 min - ba…
08-12 06:08  instagram ok    clip01                              posted from the queue
08-12 06:08  instagram ok    clip00                              posted
08-12 06:08  instagram wait  clip01                              instagram spacing: posted 0 min ago, minimum is 25 min - ba…
08-12 06:08  instagram wait  clip02                              instagram spacing: posted 0 min ago, minimum is 25 min - ba…
08-12 06:08  instagram ok    clip01                              posted from the queue
08-12 06:08  instagram skip  clip00                              instagram is disabled in config
08-12 06:08  instagram skip  clip00                              KILL SWITCH: kill switch file present: /tmp/pytest-of-root/…
08-12 06:08  instagram ok    clip00                              posted
08-12 06:08  instagram wait  clip01                              instagram spacing: posted 0 min ago, minimum is 25 min - ba…
08-12 06:08  instagram FAIL  clip01                              the clip file is gone
08-12 06:08  instagram ok    clip00                              posted
08-12 06:08  instagram wait  clip01                              instagram spacing: posted 0 min ago, minimum is 25 min - ba…
08-12 06:08  instagram skip  clip01                              over a day old - not worth posting now
08-12 06:08  instagram ok    clip00                              posted
08-12 06:08  instagram ok    clip00                              posted
08-12 06:08  facebook ok    clip00                              posted
08-12 06:09  instagram ok    clip00                              posted
08-12 06:09  instagram wait  clip01                              instagram spacing: posted 0 min ago, minimum is 25 min - ba…
08-12 06:09  instagram ok    clip00                              posted
08-12 06:09  instagram wait  clip01                              instagram spacing: posted 0 min ago, minimum is 25 min - ba…
08-12 06:09  instagram ok    clip01                              posted from the queue
08-12 06:09  instagram ok    clip00                              posted
08-12 06:09  instagram wait  clip01                              instagram spacing: posted 0 min ago, minimum is 25 min - ba…
08-12 06:09  instagram wait  clip02                              instagram spacing: posted 0 min ago, minimum is 25 min - ba…
08-12 06:09  instagram ok    clip01                              posted from the queue
08-12 06:09  instagram skip  clip00                              instagram is disabled in config
08-12 06:09  instagram skip  clip00                              KILL SWITCH: kill switch file present: /tmp/pytest-of-root/…
08-12 06:09  instagram ok    clip00                              posted
08-12 06:09  instagram wait  clip01                              instagram spacing: posted 0 min ago, minimum is 25 min - ba…
08-12 06:09  instagram FAIL  clip01                              the clip file is gone
08-12 06:09  instagram ok    clip00                              posted
08-12 06:09  instagram wait  clip01                              instagram spacing: posted 0 min ago, minimum is 25 min - ba…
08-12 06:09  instagram skip  clip01                              over a day old - not worth posting now
08-12 06:09  instagram ok    clip00                              posted
08-12 06:09  instagram ok    clip00                              posted
08-12 06:09  facebook ok    clip00                              posted
08-12 06:11  instagram ok    clip00                              posted
08-12 06:11  instagram wait  clip01                              instagram spacing: posted 0 min ago, minimum is 25 min - ba…
08-12 06:11  instagram ok    clip00                              posted
08-12 06:11  instagram wait  clip01                              instagram spacing: posted 0 min ago, minimum is 25 min - ba…
08-12 06:11  instagram ok    clip01                              posted from the queue
08-12 06:11  instagram ok    clip00                              posted
08-12 06:11  instagram wait  clip01                              instagram spacing: posted 0 min ago, minimum is 25 min - ba…
08-12 06:11  instagram wait  clip02                              instagram spacing: posted 0 min ago, minimum is 25 min - ba…
08-12 06:11  instagram ok    clip01                              posted from the queue
08-12 06:11  instagram skip  clip00                              instagram is disabled in config
08-12 06:11  instagram skip  clip00                              KILL SWITCH: kill switch file present: /tmp/pytest-of-root/…
08-12 06:11  instagram ok    clip00                              posted
08-12 06:11  instagram wait  clip01                              instagram spacing: posted 0 min ago, minimum is 25 min - ba…
08-12 06:11  instagram FAIL  clip01                              the clip file is gone
08-12 06:11  instagram ok    clip00                              posted
08-12 06:11  instagram wait  clip01                              instagram spacing: posted 0 min ago, minimum is 25 min - ba…
08-12 06:11  instagram skip  clip01                              over a day old - not worth posting now
08-12 06:11  instagram ok    clip00                              posted
08-12 06:11  instagram ok    clip00                              posted
08-12 06:11  facebook ok    clip00                              posted
08-12 06:14  instagram ok    clip00                              posted
08-12 06:14  instagram wait  clip01                              instagram spacing: posted 0 min ago, minimum is 25 min - ba…
08-12 06:14  instagram ok    clip00                              posted
08-12 06:14  instagram wait  clip01                              instagram spacing: posted 0 min ago, minimum is 25 min - ba…
08-12 06:14  instagram ok    clip01                              posted from the queue
08-12 06:14  instagram ok    clip00                              posted
08-12 06:14  instagram wait  clip01                              instagram spacing: posted 0 min ago, minimum is 25 min - ba…
08-12 06:14  instagram wait  clip02                              instagram spacing: posted 0 min ago, minimum is 25 min - ba…
08-12 06:14  instagram ok    clip01                              posted from the queue
08-12 06:14  instagram skip  clip00                              instagram is disabled in config
08-12 06:14  instagram skip  clip00                              KILL SWITCH: kill switch file present: /tmp/pytest-of-root/…
08-12 06:14  instagram ok    clip00                              posted
08-12 06:14  instagram wait  clip01                              instagram spacing: posted 0 min ago, minimum is 25 min - ba…
08-12 06:14  instagram FAIL  clip01                              the clip file is gone
08-12 06:14  instagram ok    clip00                              posted
08-12 06:14  instagram wait  clip01                              instagram spacing: posted 0 min ago, minimum is 25 min - ba…
08-12 06:14  instagram skip  clip01                              over a day old - not worth posting now
08-12 06:14  instagram ok    clip00                              posted
08-12 06:14  instagram ok    clip00                              posted
08-12 06:14  facebook ok    clip00                              posted
08-12 06:15  instagram ok    clip00                              posted
08-12 06:15  instagram wait  clip01                              instagram spacing: posted 0 min ago, minimum is 25 min - ba…
08-12 06:15  instagram ok    clip00                              posted
08-12 06:15  instagram wait  clip01                              instagram spacing: posted 0 min ago, minimum is 25 min - ba…
08-12 06:15  instagram ok    clip01                              posted from the queue
08-12 06:15  instagram ok    clip00                              posted
08-12 06:15  instagram wait  clip01                              instagram spacing: posted 0 min ago, minimum is 25 min - ba…
08-12 06:15  instagram wait  clip02                              instagram spacing: posted 0 min ago, minimum is 25 min - ba…
08-12 06:15  instagram ok    clip01                              posted from the queue
08-12 06:15  instagram skip  clip00                              instagram is disabled in config
08-12 06:15  instagram skip  clip00                              KILL SWITCH: kill switch file present: /tmp/pytest-of-root/…
08-12 06:15  instagram ok    clip00                              posted
08-12 06:15  instagram wait  clip01                              instagram spacing: posted 0 min ago, minimum is 25 min - ba…
08-12 06:15  instagram FAIL  clip01                              the clip file is gone
08-12 06:15  instagram ok    clip00                              posted
08-12 06:15  instagram wait  clip01                              instagram spacing: posted 0 min ago, minimum is 25 min - ba…
08-12 06:15  instagram skip  clip01                              over a day old - not worth posting now
08-12 06:15  instagram ok    clip00                              posted
08-12 06:15  instagram ok    clip00                              posted
08-12 06:15  facebook ok    clip00                              posted
08-12 06:16  instagram ok    clip00                              posted
08-12 06:16  instagram wait  clip01                              instagram spacing: posted 0 min ago, minimum is 25 min - ba…
08-12 06:16  instagram ok    clip00                              posted
08-12 06:16  instagram wait  clip01                              instagram spacing: posted 0 min ago, minimum is 25 min - ba…
08-12 06:16  instagram ok    clip01                              posted from the queue
08-12 06:16  instagram ok    clip00                              posted
08-12 06:16  instagram wait  clip01                              instagram spacing: posted 0 min ago, minimum is 25 min - ba…
08-12 06:16  instagram wait  clip02                              instagram spacing: posted 0 min ago, minimum is 25 min - ba…
08-12 06:16  instagram ok    clip01                              posted from the queue
08-12 06:16  instagram skip  clip00                              instagram is disabled in config
08-12 06:16  instagram skip  clip00                              KILL SWITCH: kill switch file present: /tmp/pytest-of-root/…
08-12 06:16  instagram ok    clip00                              posted
08-12 06:16  instagram wait  clip01                              instagram spacing: posted 0 min ago, minimum is 25 min - ba…
08-12 06:16  instagram FAIL  clip01                              the clip file is gone
08-12 06:16  instagram ok    clip00                              posted
08-12 06:16  instagram wait  clip01                              instagram spacing: posted 0 min ago, minimum is 25 min - ba…
08-12 06:16  instagram skip  clip01                              over a day old - not worth posting now
08-12 06:16  instagram ok    clip00                              posted
08-12 06:16  instagram ok    clip00                              posted
08-12 06:16  facebook ok    clip00                              posted
08-12 06:21  instagram ok    clip00                              posted
08-12 06:21  instagram wait  clip01                              instagram spacing: posted 0 min ago, minimum is 25 min - ba…
08-12 06:21  instagram ok    clip00                              posted
08-12 06:21  instagram wait  clip01                              instagram spacing: posted 0 min ago, minimum is 25 min - ba…
08-12 06:21  instagram ok    clip01                              posted from the queue
08-12 06:21  instagram ok    clip00                              posted
08-12 06:21  instagram wait  clip01                              instagram spacing: posted 0 min ago, minimum is 25 min - ba…
08-12 06:21  instagram wait  clip02                              instagram spacing: posted 0 min ago, minimum is 25 min - ba…
08-12 06:21  instagram ok    clip01                              posted from the queue
08-12 06:21  instagram skip  clip00                              instagram is disabled in config
08-12 06:21  instagram skip  clip00                              KILL SWITCH: kill switch file present: /tmp/pytest-of-root/…
08-12 06:21  instagram ok    clip00                              posted
08-12 06:21  instagram wait  clip01                              instagram spacing: posted 0 min ago, minimum is 25 min - ba…
08-12 06:21  instagram FAIL  clip01                              the clip file is gone
08-12 06:21  instagram ok    clip00                              posted
08-12 06:21  instagram wait  clip01                              instagram spacing: posted 0 min ago, minimum is 25 min - ba…
08-12 06:21  instagram skip  clip01                              over a day old - not worth posting now
08-12 06:21  instagram ok    clip00                              posted
08-12 06:21  instagram ok    clip00                              posted
08-12 06:21  facebook ok    clip00                              posted
08-12 06:22  instagram ok    clip00                              posted
08-12 06:22  instagram wait  clip01                              instagram spacing: posted 0 min ago, minimum is 25 min - ba…
08-12 06:22  instagram ok    clip00                              posted
08-12 06:22  instagram wait  clip01                              instagram spacing: posted 0 min ago, minimum is 25 min - ba…
08-12 06:22  instagram ok    clip01                              posted from the queue
08-12 06:22  instagram ok    clip00                              posted
08-12 06:22  instagram wait  clip01                              instagram spacing: posted 0 min ago, minimum is 25 min - ba…
08-12 06:22  instagram wait  clip02                              instagram spacing: posted 0 min ago, minimum is 25 min - ba…
08-12 06:22  instagram ok    clip01                              posted from the queue
08-12 06:22  instagram skip  clip00                              instagram is disabled in config
08-12 06:22  instagram skip  clip00                              KILL SWITCH: kill switch file present: /tmp/pytest-of-root/…
08-12 06:22  instagram ok    clip00                              posted
08-12 06:22  instagram wait  clip01                              instagram spacing: posted 0 min ago, minimum is 25 min - ba…
08-12 06:22  instagram FAIL  clip01                              the clip file is gone
08-12 06:22  instagram ok    clip00                              posted
08-12 06:22  instagram wait  clip01                              instagram spacing: posted 0 min ago, minimum is 25 min - ba…
08-12 06:22  instagram skip  clip01                              over a day old - not worth posting now
08-12 06:22  instagram ok    clip00                              posted
08-12 06:22  instagram ok    clip00                              posted
08-12 06:22  facebook ok    clip00                              posted
08-12 06:22  instagram ok    clip00                              posted
08-12 06:22  instagram wait  clip01                              instagram spacing: posted 0 min ago, minimum is 25 min - ba…
08-12 06:22  instagram ok    clip00                              posted
08-12 06:22  instagram wait  clip01                              instagram spacing: posted 0 min ago, minimum is 25 min - ba…
08-12 06:22  instagram ok    clip01                              posted from the queue
08-12 06:22  instagram ok    clip00                              posted
08-12 06:22  instagram wait  clip01                              instagram spacing: posted 0 min ago, minimum is 25 min - ba…
08-12 06:22  instagram wait  clip02                              instagram spacing: posted 0 min ago, minimum is 25 min - ba…
08-12 06:22  instagram ok    clip01                              posted from the queue
08-12 06:22  instagram skip  clip00                              instagram is disabled in config
08-12 06:22  instagram skip  clip00                              KILL SWITCH: kill switch file present: /tmp/pytest-of-root/…
08-12 06:22  instagram ok    clip00                              posted
08-12 06:22  instagram wait  clip01                              instagram spacing: posted 0 min ago, minimum is 25 min - ba…
08-12 06:22  instagram FAIL  clip01                              the clip file is gone
08-12 06:22  instagram ok    clip00                              posted
08-12 06:22  instagram wait  clip01                              instagram spacing: posted 0 min ago, minimum is 25 min - ba…
08-12 06:22  instagram skip  clip01                              over a day old - not worth posting now
08-12 06:22  instagram ok    clip00                              posted
08-12 06:22  instagram ok    clip00                              posted
08-12 06:22  facebook ok    clip00                              posted
08-12 06:24  instagram ok    clip00                              posted
08-12 06:24  instagram wait  clip01                              instagram spacing: posted 0 min ago, minimum is 25 min - ba…
08-12 06:24  instagram ok    clip00                              posted
08-12 06:24  instagram wait  clip01                              instagram spacing: posted 0 min ago, minimum is 25 min - ba…
08-12 06:24  instagram ok    clip01                              posted from the queue
08-12 06:24  instagram ok    clip00                              posted
08-12 06:24  instagram wait  clip01                              instagram spacing: posted 0 min ago, minimum is 25 min - ba…
08-12 06:24  instagram wait  clip02                              instagram spacing: posted 0 min ago, minimum is 25 min - ba…
08-12 06:24  instagram ok    clip01                              posted from the queue
08-12 06:24  instagram skip  clip00                              instagram is disabled in config
08-12 06:24  instagram skip  clip00                              KILL SWITCH: kill switch file present: /tmp/pytest-of-root/…
08-12 06:24  instagram ok    clip00                              posted
08-12 06:24  instagram wait  clip01                              instagram spacing: posted 0 min ago, minimum is 25 min - ba…
08-12 06:24  instagram FAIL  clip01                              the clip file is gone
08-12 06:24  instagram ok    clip00                              posted
08-12 06:24  instagram wait  clip01                              instagram spacing: posted 0 min ago, minimum is 25 min - ba…
08-12 06:24  instagram skip  clip01                              over a day old - not worth posting now
08-12 06:24  instagram ok    clip00                              posted
08-12 06:24  instagram ok    clip00                              posted
08-12 06:24  facebook ok    clip00                              posted
08-12 06:25  instagram ok    clip00                              posted
08-12 06:25  instagram wait  clip01                              instagram spacing: posted 0 min ago, minimum is 25 min - ba…
08-12 06:25  instagram ok    clip00                              posted
08-12 06:25  instagram wait  clip01                              instagram spacing: posted 0 min ago, minimum is 25 min - ba…
08-12 06:25  instagram ok    clip01                              posted from the queue
08-12 06:25  instagram ok    clip00                              posted
08-12 06:25  instagram wait  clip01                              instagram spacing: posted 0 min ago, minimum is 25 min - ba…
08-12 06:25  instagram wait  clip02                              instagram spacing: posted 0 min ago, minimum is 25 min - ba…
08-12 06:25  instagram ok    clip01                              posted from the queue
08-12 06:25  instagram skip  clip00                              instagram is disabled in config
08-12 06:25  instagram skip  clip00                              KILL SWITCH: kill switch file present: /tmp/pytest-of-root/…
08-12 06:25  instagram ok    clip00                              posted
08-12 06:25  instagram wait  clip01                              instagram spacing: posted 0 min ago, minimum is 25 min - ba…
08-12 06:25  instagram FAIL  clip01                              the clip file is gone
08-12 06:25  instagram ok    clip00                              posted
08-12 06:25  instagram wait  clip01                              instagram spacing: posted 0 min ago, minimum is 25 min - ba…
08-12 06:25  instagram skip  clip01                              over a day old - not worth posting now
08-12 06:25  instagram ok    clip00                              posted
08-12 06:25  instagram ok    clip00                              posted
08-12 06:25  facebook ok    clip00                              posted
08-12 06:26  instagram ok    clip00                              posted
08-12 06:26  instagram wait  clip01                              instagram spacing: posted 0 min ago, minimum is 25 min - ba…
08-12 06:26  instagram ok    clip00                              posted
08-12 06:26  instagram wait  clip01                              instagram spacing: posted 0 min ago, minimum is 25 min - ba…
08-12 06:26  instagram ok    clip01                              posted from the queue
08-12 06:26  instagram ok    clip00                              posted
08-12 06:26  instagram wait  clip01                              instagram spacing: posted 0 min ago, minimum is 25 min - ba…
08-12 06:26  instagram wait  clip02                              instagram spacing: posted 0 min ago, minimum is 25 min - ba…
08-12 06:26  instagram ok    clip01                              posted from the queue
08-12 06:26  instagram skip  clip00                              instagram is disabled in config
08-12 06:26  instagram skip  clip00                              KILL SWITCH: kill switch file present: /tmp/pytest-of-root/…
08-12 06:26  instagram ok    clip00                              posted
08-12 06:26  instagram wait  clip01                              instagram spacing: posted 0 min ago, minimum is 25 min - ba…
08-12 06:26  instagram FAIL  clip01                              the clip file is gone
08-12 06:26  instagram ok    clip00                              posted
08-12 06:26  instagram wait  clip01                              instagram spacing: posted 0 min ago, minimum is 25 min - ba…
08-12 06:26  instagram skip  clip01                              over a day old - not worth posting now
08-12 06:26  instagram ok    clip00                              posted
08-12 06:26  instagram ok    clip00                              posted
08-12 06:26  facebook ok    clip00                              posted
08-12 06:26  instagram ok    clip00                              posted
08-12 06:26  instagram wait  clip01                              instagram spacing: posted 0 min ago, minimum is 25 min - ba…
08-12 06:26  instagram ok    clip00                              posted
08-12 06:26  instagram wait  clip01                              instagram spacing: posted 0 min ago, minimum is 25 min - ba…
08-12 06:26  instagram ok    clip01                              posted from the queue
08-12 06:26  instagram ok    clip00                              posted
08-12 06:26  instagram wait  clip01                              instagram spacing: posted 0 min ago, minimum is 25 min - ba…
08-12 06:26  instagram wait  clip02                              instagram spacing: posted 0 min ago, minimum is 25 min - ba…
08-12 06:26  instagram ok    clip01                              posted from the queue
08-12 06:26  instagram skip  clip00                              instagram is disabled in config
08-12 06:26  instagram skip  clip00                              KILL SWITCH: kill switch file present: /tmp/pytest-of-root/…
08-12 06:26  instagram ok    clip00                              posted
08-12 06:26  instagram wait  clip01                              instagram spacing: posted 0 min ago, minimum is 25 min - ba…
08-12 06:26  instagram FAIL  clip01                              the clip file is gone
08-12 06:26  instagram ok    clip00                              posted
08-12 06:26  instagram wait  clip01                              instagram spacing: posted 0 min ago, minimum is 25 min - ba…
08-12 06:26  instagram skip  clip01                              over a day old - not worth posting now
08-12 06:26  instagram ok    clip00                              posted
08-12 06:26  instagram ok    clip00                              posted
08-12 06:26  facebook ok    clip00                              posted
08-12 06:27  instagram ok    clip00                              posted
08-12 06:27  instagram wait  clip01                              instagram spacing: posted 0 min ago, minimum is 25 min - ba…
08-12 06:27  instagram ok    clip00                              posted
08-12 06:27  instagram wait  clip01                              instagram spacing: posted 0 min ago, minimum is 25 min - ba…
08-12 06:27  instagram ok    clip01                              posted from the queue
08-12 06:27  instagram ok    clip00                              posted
08-12 06:27  instagram wait  clip01                              instagram spacing: posted 0 min ago, minimum is 25 min - ba…
08-12 06:27  instagram wait  clip02                              instagram spacing: posted 0 min ago, minimum is 25 min - ba…
08-12 06:27  instagram ok    clip01                              posted from the queue
08-12 06:27  instagram skip  clip00                              instagram is disabled in config
08-12 06:27  instagram skip  clip00                              KILL SWITCH: kill switch file present: /tmp/pytest-of-root/…
08-12 06:27  instagram ok    clip00                              posted
08-12 06:27  instagram wait  clip01                              instagram spacing: posted 0 min ago, minimum is 25 min - ba…
08-12 06:27  instagram FAIL  clip01                              the clip file is gone
08-12 06:27  instagram ok    clip00                              posted
08-12 06:27  instagram wait  clip01                              instagram spacing: posted 0 min ago, minimum is 25 min - ba…
08-12 06:27  instagram skip  clip01                              over a day old - not worth posting now
08-12 06:27  instagram ok    clip00                              posted
08-12 06:27  instagram ok    clip00                              posted
08-12 06:27  facebook ok    clip00                              posted
